
sysmem_IMPORTS_start
I_Kprintf
sysmem_IMPORTS_end

xloadcore_IMPORTS_start
I_RegisterLibraryEntries
I_SetRebootTimeLibraryHandlingMode
loadcore_IMPORTS_end

intrman_IMPORTS_start
I_CpuSuspendIntr
I_CpuResumeIntr
intrman_IMPORTS_end

stdio_IMPORTS_start
I_printf
stdio_IMPORTS_end

thbase_IMPORTS_start
I_CreateThread
I_StartThread
I_ExitThread
I_ChangeThreadPriority
I_GetThreadId
I_DelayThread
thbase_IMPORTS_end

thevent_IMPORTS_start
I_CreateEventFlag
I_SetEventFlag
I_WaitEventFlag
thevent_IMPORTS_end

thsemap_IMPORTS_start
I_CreateSema
I_DeleteSema
I_SignalSema
I_WaitSema
thsemap_IMPORTS_end

sifman_IMPORTS_start
I_sceSifInit
I_sceSifSetDma
I_sceSifDmaStat
I_sceSifCheckInit
sifman_IMPORTS_end

sysclib_IMPORTS_start
I_look_ctype_table
I_strncmp
I_strtol
sysclib_IMPORTS_end

sifcmd_IMPORTS_start
I_sceSifInitRpc
I_sceSifRegisterRpc
I_sceSifSetRpcQueue
I_sceSifRpcLoop
sifcmd_IMPORTS_end

rsio2man_IMPORTS_start
I_sio2_mtap_transfer_init
I_sio2_transfer2
I_sio2_transfer_reset2
I_sio2_mtap_change_slot_set
I_sio2_mtap_get_slot_max_set
I_sio2_mtap_get_slot_max2_set
I_sio2_mtap_update_slots_set
sio2man_IMPORTS_end
