
sysmem_IMPORTS_start
I_AllocSysMemory
I_FreeSysMemory
I_QueryMemSize
I_QueryMaxFreeMemSize
I_QueryTotalFreeMemSize
I_QueryBlockTopAddress
I_QueryBlockSize
I_Kprintf
sysmem_IMPORTS_end

loadcore_IMPORTS_start
I_QueryBootMode
loadcore_IMPORTS_end

intrman_IMPORTS_start
I_CpuEnableIntr
I_CpuSuspendIntr
I_CpuResumeIntr
intrman_IMPORTS_end

sifman_IMPORTS_start
I_sceSifInit
I_sceSifSetDma
I_sceSifDmaStat
I_sceSifCheckInit
sifman_IMPORTS_end

thbase_IMPORTS_start
I_CreateThread
I_DeleteThread
I_StartThread
I_ExitThread
I_ChangeThreadPriority
I_GetThreadId
I_ReferThreadStatus
I_DelayThread
thbase_IMPORTS_end

thevent_IMPORTS_start
I_CreateEventFlag
I_SetEventFlag
I_ClearEventFlag
I_WaitEventFlag
thevent_IMPORTS_end

thsemap_IMPORTS_start
I_CreateSema
I_SignalSema
I_WaitSema
thsemap_IMPORTS_end

thmsgbx_IMPORTS_start
I_CreateMbx
I_DeleteMbx
I_SendMbx
I_ReceiveMbx
thmsgbx_IMPORTS_end

sifcmd_IMPORTS_start
I_sceSifSendCmd
I_isceSifSendCmd
I_sceSifInitRpc
I_sceSifRegisterRpc
I_sceSifSetRpcQueue
I_sceSifRpcLoop
I_sceSifGetOtherData
sifcmd_IMPORTS_end

stdio_IMPORTS_start
I_printf
stdio_IMPORTS_end

iomanX_IMPORTS_start
I_iomanX_open
I_iomanX_close
I_iomanX_read
I_iomanX_write
I_iomanX_lseek
I_iomanX_ioctl
I_iomanX_remove
I_iomanX_mkdir
I_iomanX_rmdir
I_iomanX_dopen
I_iomanX_dclose
I_iomanX_dread
I_iomanX_getstat
I_iomanX_chstat
I_iomanX_format
I_AddDrv
I_DelDrv
I_iomanX_rename
I_iomanX_chdir
I_iomanX_sync
I_iomanX_mount
I_iomanX_umount
I_iomanX_lseek64
I_iomanX_devctl
I_iomanX_symlink
I_iomanX_readlink
I_iomanX_ioctl2
iomanX_IMPORTS_end

sysclib_IMPORTS_start
I_memcpy
sysclib_IMPORTS_end
