
sysmem_IMPORTS_start
I_AllocSysMemory
sysmem_IMPORTS_end

loadcore_IMPORTS_start
I_FlushDcache
I_RegisterLibraryEntries
I_QueryBootMode
loadcore_IMPORTS_end

intrman_IMPORTS_start
I_CpuEnableIntr
I_CpuSuspendIntr
I_CpuResumeIntr
intrman_IMPORTS_end

stdio_IMPORTS_start
I_printf
stdio_IMPORTS_end

thbase_IMPORTS_start
I_CreateThread
I_StartThread
I_GetThreadId
I_SleepThread
I_DelayThread
thbase_IMPORTS_end

sifcmd_IMPORTS_start
I_sceSifInitRpc
I_sceSifRegisterRpc
I_sceSifSetRpcQueue
I_sceSifRpcLoop
sifcmd_IMPORTS_end

sifman_IMPORTS_start
I_sceSifInit
I_sceSifSetDma
I_sceSifDmaStat
I_sceSifCheckInit
sifman_IMPORTS_end

cdvdman_IMPORTS_start
I_sceCdInit
I_sceCdStandby
I_sceCdRead
I_sceCdSeek
I_sceCdGetError
I_sceCdGetToc
I_sceCdSearchFile
I_sceCdSync
I_sceCdGetDiskType
I_sceCdTrayReq
I_sceCdStop
I_sceCdReadDVDV
I_sceCdCheckCmd
I_sceCdRI
I_sceCdWI
I_sceCdReadClock
I_sceCdWriteClock
//26
//27
I_sceCdStatus
I_sceCdApplySCmd
I_sceCdSetHDMode
I_sceCdOpenConfig
I_sceCdCloseConfig
I_sceCdReadConfig
I_sceCdWriteConfig
I_sceCdReadKey
I_sceCdDecSet
I_sceCdPause
I_sceCdBreak
//I_sceCdReadCdda
I_sceCdReadConsoleID
I_sceCdWriteConsoleID
I_sceCdMV
I_sceCdGetReadPos
I_sceCdCtrlADout
I_sceCdNop
I_sceGetFsvRbuf
I_sceCdstm1Cb
I_sceCdSC
I_sceCdForbidDVDP
I_sceCdReadSUBQ
I_sceCdApplyNCmd
I_sceCdAutoAdjustCtrl
I_sceCdStInit
I_sceCdStRead
I_sceCdStSeek
I_sceCdStStart
I_sceCdStStop
cdvdman_IMPORTS_end
