
usbd_IMPORTS_start
I_sceUsbdRegisterLdd
I_sceUsbdUnregisterLdd
I_sceUsbdScanStaticDescriptor
I_sceUsbdSetPrivateData
I_sceUsbdGetPrivateData
I_sceUsbdOpenPipe
I_sceUsbdTransferPipe
I_sceUsbdGetDeviceLocation
usbd_IMPORTS_end

modem_IMPORTS_start
I_sceModemRegisterDevice
I_sceModemUnregisterDevice
modem_IMPORTS_end

netdev_IMPORTS_start
I_sceInetAllocMem
I_sceInetFreeMem
netdev_IMPORTS_end

intrman_IMPORTS_start
I_CpuSuspendIntr
I_CpuResumeIntr
intrman_IMPORTS_end

stdio_IMPORTS_start
I_printf
stdio_IMPORTS_end

sysclib_IMPORTS_start
I_memcmp
I_memcpy
I_memset
I_bcopy
I_bzero
I_sprintf
I_strcmp
I_strcpy
I_strlen
I_strncmp
sysclib_IMPORTS_end

thbase_IMPORTS_start
I_CreateThread
I_DeleteThread
I_StartThread
I_TerminateThread
I_ChangeThreadPriority
I_DelayThread
I_SetAlarm
I_CancelAlarm
I_USec2SysClock
thbase_IMPORTS_end

thevent_IMPORTS_start
I_CreateEventFlag
I_DeleteEventFlag
I_SetEventFlag
I_iSetEventFlag
I_WaitEventFlag
thevent_IMPORTS_end

thsemap_IMPORTS_start
I_CreateSema
I_DeleteSema
I_SignalSema
I_WaitSema
thsemap_IMPORTS_end
